
Enkhbat@DESKTOP-3IAELAV MINGW64 ~ (main)
$ cd d:

Enkhbat@DESKTOP-3IAELAV MINGW64 /d (latest_branch)
$ cd ProgrammH

Enkhbat@DESKTOP-3IAELAV MINGW64 /d/ProgrammH (main|REBASE 1/1)
$ git init
Reinitialized existing Git repository in D:/ProgrammH/.git/

Enkhbat@DESKTOP-3IAELAV MINGW64 /d/ProgrammH (main|REBASE 1/1)
$ git status
interactive rebase in progress; onto 9640c8c
Last command done (1 command done):
   pick f05f4f8 Initial commit
No commands remaining.
You are currently rebasing branch 'main' on '9640c8c'.
  (fix conflicts and then run "git rebase --continue")
  (use "git rebase --skip" to skip this patch)
  (use "git rebase --abort" to check out the original branch)

Unmerged paths:
  (use "git restore --staged <file>..." to unstage)
  (use "git add <file>..." to mark resolution)
        both added:      README.md

Untracked files:
  (use "git add <file>..." to include in what will be committed)
        lab7/

no changes added to commit (use "git add" and/or "git commit -a")

Enkhbat@DESKTOP-3IAELAV MINGW64 /d/ProgrammH (main|REBASE 1/1)
$ git add .
warning: adding embedded git repository: lab7
hint: You've added another git repository inside your current repository.
hint: Clones of the outer repository will not contain the contents of
hint: the embedded repository and will not know how to obtain it.
hint: If you meant to add a submodule, use:
hint:
hint:   git submodule add <url> lab7
hint:
hint: If you added this path by mistake, you can remove it from the
hint: index with:
hint:
hint:   git rm --cached lab7
hint:
hint: See "git help submodule" for more information.
hint: Disable this message with "git config advice.addEmbeddedRepo false"

Enkhbat@DESKTOP-3IAELAV MINGW64 /d/ProgrammH (main|REBASE 1/1)
$ cd lab7

Enkhbat@DESKTOP-3IAELAV MINGW64 /d/ProgrammH/lab7 (main)
$ git init
Reinitialized existing Git repository in D:/ProgrammH/lab7/.git/

Enkhbat@DESKTOP-3IAELAV MINGW64 /d/ProgrammH/lab7 (main)
$ git status
On branch main
nothing to commit, working tree clean

Enkhbat@DESKTOP-3IAELAV MINGW64 /d/ProgrammH/lab7 (main)
$ git rebase --continue
fatal: no rebase in progress

Enkhbat@DESKTOP-3IAELAV MINGW64 /d/ProgrammH/lab7 (main)
$ git status
On branch main
nothing to commit, working tree clean

Enkhbat@DESKTOP-3IAELAV MINGW64 /d/ProgrammH/lab7 (main)
$ git add .

Enkhbat@DESKTOP-3IAELAV MINGW64 /d/ProgrammH/lab7 (main)
$ git status
On branch main
nothing to commit, working tree clean

Enkhbat@DESKTOP-3IAELAV MINGW64 /d/ProgrammH/lab7 (main)
$ git add README.md

Enkhbat@DESKTOP-3IAELAV MINGW64 /d/ProgrammH/lab7 (main)
$ git rebase --continue
fatal: no rebase in progress

Enkhbat@DESKTOP-3IAELAV MINGW64 /d/ProgrammH/lab7 (main)
$ git add .

Enkhbat@DESKTOP-3IAELAV MINGW64 /d/ProgrammH/lab7 (main)
$ git branch
* main

Enkhbat@DESKTOP-3IAELAV MINGW64 /d/ProgrammH/lab7 (main)
$ git push origin main --force
Enumerating objects: 10, done.
Counting objects: 100% (10/10), done.
Delta compression using up to 12 threads
Compressing objects: 100% (9/9), done.
Writing objects: 100% (9/9), 2.06 KiB | 702.00 KiB/s, done.
Total 9 (delta 1), reused 0 (delta 0), pack-reused 0 (from 0)
remote: Resolving deltas: 100% (1/1), done.
To https://github.com/3nhbat/Text.git
   9640c8c..3ee058a  main -> main

Enkhbat@DESKTOP-3IAELAV MINGW64 /d/ProgrammH/lab7 (main)
$ git commit -m "Your commit message"
On branch main
nothing to commit, working tree clean

Enkhbat@DESKTOP-3IAELAV MINGW64 /d/ProgrammH/lab7 (main)
$ git push origin main --force
Everything up-to-date

Enkhbat@DESKTOP-3IAELAV MINGW64 /d/ProgrammH/lab7 (main)
$ git status
On branch main
nothing to commit, working tree clean

Enkhbat@DESKTOP-3IAELAV MINGW64 /d/ProgrammH/lab7 (main)
$ git status
On branch main
nothing to commit, working tree clean

Enkhbat@DESKTOP-3IAELAV MINGW64 /d/ProgrammH/lab7 (main)
$ git branch
* main

Enkhbat@DESKTOP-3IAELAV MINGW64 /d/ProgrammH/lab7 (main)
$ git add Untitled-1
fatal: pathspec 'Untitled-1' did not match any files

Enkhbat@DESKTOP-3IAELAV MINGW64 /d/ProgrammH/lab7 (main)
$ touch Untitled-1

Enkhbat@DESKTOP-3IAELAV MINGW64 /d/ProgrammH/lab7 (main)
$ git add Untitled-1

Enkhbat@DESKTOP-3IAELAV MINGW64 /d/ProgrammH/lab7 (main)
$ git add .

Enkhbat@DESKTOP-3IAELAV MINGW64 /d/ProgrammH/lab7 (main)
$ git commit -m "Add newfile.txt"
[main 4b3dd03] Add newfile.txt
 1 file changed, 0 insertions(+), 0 deletions(-)
 create mode 100644 Untitled-1

Enkhbat@DESKTOP-3IAELAV MINGW64 /d/ProgrammH/lab7 (main)
$
